// Jest Snapshot v1, https://goo.gl/fbAQLP

exports[`App should render 1`] = `
<div
  className="App"
>
  <h1>
    Hello world
  </h1>
  <ul />
</div>
`;
