// Jest Snapshot v1, https://goo.gl/fbAQLP

exports[`Link should render 1`] = `
<a
  className="Link"
  href=""
>
  React
</a>
`;
